[package]
name = "golden-tests"
version = "0.1.0"
edition = "2021"

[dependencies]
serde = { version = "1.0", features = ["derive"] }
serde_json = "1.0"
mysql = "25.0"
anyhow = "1.0"
chrono = "0.4"
glob = "0.3"

[dev-dependencies]
tempfile = "3.8"
